// Jest Snapshot v1, https://goo.gl/fbAQLP

exports[`Children renders correctly with children. 1`] = `
<div>
  <div>
    1
  </div>
</div>
`;

exports[`Children renders correctly with multiple children. 1`] = `
<div>
  <div>
    2
  </div>
</div>
`;

exports[`Children renders correctly without children. 1`] = `
<div>
  <div>
    0
  </div>
</div>
`;

exports[`Children renders correctly. 1`] = `
<div>
  <div>
    0
  </div>
</div>
`;
